[debug] [2026-03-01T19:20:32.270Z] ----------------------------------------------------------------------
[debug] [2026-03-01T19:20:32.277Z] Command:       C:\Program Files\nodejs\node.exe C:\Users\fliwe\AppData\Roaming\npm\node_modules\firebase-tools\lib\bin\firebase.js functions:secrets:set GEMINI_API_KEY
[debug] [2026-03-01T19:20:32.277Z] CLI Version:   15.4.0
[debug] [2026-03-01T19:20:32.277Z] Platform:      win32
[debug] [2026-03-01T19:20:32.277Z] Node Version:  v24.13.0
[debug] [2026-03-01T19:20:32.278Z] Time:          Sun Mar 01 2026 20:20:32 GMT+0100 (heure normale d’Europe centrale)
[debug] [2026-03-01T19:20:32.278Z] ----------------------------------------------------------------------
[debug] 
[debug] [2026-03-01T19:20:32.279Z] >>> [apiv2][query] GET https://firebase-public.firebaseio.com/cli.json [none]
[debug] [2026-03-01T19:20:32.472Z] > command requires scopes: ["email","openid","https://www.googleapis.com/auth/cloudplatformprojects.readonly","https://www.googleapis.com/auth/firebase","https://www.googleapis.com/auth/cloud-platform"]
[debug] [2026-03-01T19:20:32.473Z] > authorizing via signed-in user (p.morthier@gmail.com)
[debug] [2026-03-01T19:20:32.473Z] > command requires scopes: ["email","openid","https://www.googleapis.com/auth/cloudplatformprojects.readonly","https://www.googleapis.com/auth/firebase","https://www.googleapis.com/auth/cloud-platform"]
[debug] [2026-03-01T19:20:32.473Z] > authorizing via signed-in user (p.morthier@gmail.com)
[debug] [2026-03-01T19:20:32.473Z] [iam] checking project kiwivanmarket for permissions ["firebase.projects.get","secretmanager.secrets.create","secretmanager.secrets.get","secretmanager.secrets.update","secretmanager.versions.add"]
[debug] [2026-03-01T19:20:32.474Z] Checked if tokens are valid: false, expires at: 1770767191961
[debug] [2026-03-01T19:20:32.474Z] Checked if tokens are valid: false, expires at: 1770767191961
[debug] [2026-03-01T19:20:32.474Z] > refreshing access token with scopes: []
[debug] [2026-03-01T19:20:32.474Z] >>> [apiv2][query] POST https://www.googleapis.com/oauth2/v3/token [none]
[debug] [2026-03-01T19:20:32.474Z] >>> [apiv2][body] POST https://www.googleapis.com/oauth2/v3/token [omitted]
[debug] [2026-03-01T19:20:32.684Z] <<< [apiv2][status] POST https://www.googleapis.com/oauth2/v3/token 200
[debug] [2026-03-01T19:20:32.684Z] <<< [apiv2][body] POST https://www.googleapis.com/oauth2/v3/token [omitted]
[debug] [2026-03-01T19:20:32.690Z] >>> [apiv2][query] POST https://cloudresourcemanager.googleapis.com/v1/projects/kiwivanmarket:testIamPermissions [none]
[debug] [2026-03-01T19:20:32.690Z] >>> [apiv2][(partial)header] POST https://cloudresourcemanager.googleapis.com/v1/projects/kiwivanmarket:testIamPermissions x-goog-quota-user=projects/kiwivanmarket
[debug] [2026-03-01T19:20:32.690Z] >>> [apiv2][body] POST https://cloudresourcemanager.googleapis.com/v1/projects/kiwivanmarket:testIamPermissions {"permissions":["firebase.projects.get","secretmanager.secrets.create","secretmanager.secrets.get","secretmanager.secrets.update","secretmanager.versions.add"]}
[debug] [2026-03-01T19:20:32.830Z] <<< [apiv2][status] GET https://firebase-public.firebaseio.com/cli.json 200
[debug] [2026-03-01T19:20:32.830Z] <<< [apiv2][body] GET https://firebase-public.firebaseio.com/cli.json {"cloudBuildErrorAfter":1594252800000,"cloudBuildWarnAfter":1590019200000,"defaultNode10After":1594252800000,"minVersion":"3.0.5","node8DeploysDisabledAfter":1613390400000,"node8RuntimeDisabledAfter":1615809600000,"node8WarnAfter":1600128000000}
[debug] [2026-03-01T19:20:33.610Z] <<< [apiv2][status] POST https://cloudresourcemanager.googleapis.com/v1/projects/kiwivanmarket:testIamPermissions 200
[debug] [2026-03-01T19:20:33.610Z] <<< [apiv2][body] POST https://cloudresourcemanager.googleapis.com/v1/projects/kiwivanmarket:testIamPermissions {"permissions":["firebase.projects.get","secretmanager.secrets.create","secretmanager.secrets.get","secretmanager.secrets.update","secretmanager.versions.add"]}
[debug] [2026-03-01T19:20:33.611Z] Checked if tokens are valid: true, expires at: 1772396431684
[debug] [2026-03-01T19:20:33.611Z] Checked if tokens are valid: true, expires at: 1772396431684
[debug] [2026-03-01T19:20:33.611Z] >>> [apiv2][query] GET https://cloudresourcemanager.googleapis.com/v1/projects/kiwivanmarket [none]
[debug] [2026-03-01T19:20:33.931Z] <<< [apiv2][status] GET https://cloudresourcemanager.googleapis.com/v1/projects/kiwivanmarket 200
[debug] [2026-03-01T19:20:33.931Z] <<< [apiv2][body] GET https://cloudresourcemanager.googleapis.com/v1/projects/kiwivanmarket {"projectNumber":"658498951752","projectId":"kiwivanmarket","lifecycleState":"ACTIVE","name":"KiwiVanmarket","labels":{"firebase":"enabled","firebase-core":"disabled"},"createTime":"2025-11-19T10:07:41.531510Z"}
[debug] [2026-03-01T19:20:33.932Z] Checked if tokens are valid: true, expires at: 1772396431684
[debug] [2026-03-01T19:20:33.932Z] Checked if tokens are valid: true, expires at: 1772396431684
[debug] [2026-03-01T19:20:33.932Z] >>> [apiv2][query] GET https://secretmanager.googleapis.com/v1/projects/kiwivanmarket/secrets/GEMINI_API_KEY [none]
[debug] [2026-03-01T19:20:34.405Z] <<< [apiv2][status] GET https://secretmanager.googleapis.com/v1/projects/kiwivanmarket/secrets/GEMINI_API_KEY 404
[debug] [2026-03-01T19:20:34.405Z] <<< [apiv2][body] GET https://secretmanager.googleapis.com/v1/projects/kiwivanmarket/secrets/GEMINI_API_KEY {"error":{"code":404,"message":"Secret [projects/658498951752/secrets/GEMINI_API_KEY] not found.","status":"NOT_FOUND"}}
[debug] [2026-03-01T19:20:34.406Z] Checked if tokens are valid: true, expires at: 1772396431684
[debug] [2026-03-01T19:20:34.406Z] Checked if tokens are valid: true, expires at: 1772396431684
[debug] [2026-03-01T19:20:34.406Z] >>> [apiv2][query] POST https://secretmanager.googleapis.com/v1/projects/kiwivanmarket/secrets secretId=GEMINI_API_KEY
[debug] [2026-03-01T19:20:34.406Z] >>> [apiv2][body] POST https://secretmanager.googleapis.com/v1/projects/kiwivanmarket/secrets {"name":"GEMINI_API_KEY","replication":{"automatic":{}},"labels":{"firebase-managed":"functions"}}
[debug] [2026-03-01T19:20:35.692Z] <<< [apiv2][status] POST https://secretmanager.googleapis.com/v1/projects/kiwivanmarket/secrets 200
[debug] [2026-03-01T19:20:35.692Z] <<< [apiv2][body] POST https://secretmanager.googleapis.com/v1/projects/kiwivanmarket/secrets {"name":"projects/658498951752/secrets/GEMINI_API_KEY","replication":{"automatic":{}},"createTime":"2026-03-01T19:20:32.413195Z","labels":{"firebase-managed":"functions"},"etag":"\"164bfb5d3e0319\""}
[debug] [2026-03-01T19:24:48.421Z] ExitPromptError: User force closed the prompt with SIGINT
    at Interface.sigint (C:\Users\fliwe\AppData\Roaming\npm\node_modules\firebase-tools\node_modules\@inquirer\core\dist\commonjs\lib\create-prompt.js:101:37)
    at Interface.emit (node:events:508:28)
    at [_ttyWrite] [as _ttyWrite] (node:internal/readline/interface:1327:18)
    at ReadStream.onkeypress (node:internal/readline/interface:284:20)
    at ReadStream.emit (node:events:520:35)
    at emitKeys (node:internal/readline/utils:371:14)
    at emitKeys.next (<anonymous>)
    at ReadStream.onData (node:internal/readline/emitKeypressEvents:64:36)
    at ReadStream.emit (node:events:508:28)
    at addChunk (node:internal/streams/readable:559:12)
[error] 
[error] Error: An unexpected error has occurred.
